{
  "version": "1.5.0",
  "plugins_used": [
    {
      "name": "Base64HighEntropyString",
      "limit": 4.5
    },
    {
      "name": "HexHighEntropyString",
      "limit": 3.0
    },
    {
      "name": "KeywordDetector",
      "keyword_exclude": ""
    }
  ],
  "filters_used": [
    {
      "path": "detect_secrets.filters.allowlist.is_line_allowlisted"
    }
  ],
  "results": {},
  "generated_at": "1970-01-01T00:00:00Z"
}
